
 Ansys Mechanical Enterprise                       


 *------------------------------------------------------------------*
 |                                                                  |
 |   W E L C O M E   T O   T H E   A N S Y S (R)  P R O G R A M     |
 |                                                                  |
 *------------------------------------------------------------------*




 ***************************************************************
 *         ANSYS MAPDL 2023 R1          LEGAL NOTICES          *
 ***************************************************************
 *                                                             *
 * Copyright 1971-2023 Ansys, Inc.  All rights reserved.       *
 * Unauthorized use, distribution or duplication is            *
 * prohibited.                                                 *
 *                                                             *
 * Ansys is a registered trademark of Ansys, Inc. or its       *
 * subsidiaries in the United States or other countries.       *
 * See the Ansys, Inc. online documentation or the Ansys, Inc. *
 * documentation CD or online help for the complete Legal      *
 * Notice.                                                     *
 *                                                             *
 ***************************************************************
 *                                                             *
 * THIS ANSYS SOFTWARE PRODUCT AND PROGRAM DOCUMENTATION       *
 * INCLUDE TRADE SECRETS AND CONFIDENTIAL AND PROPRIETARY      *
 * PRODUCTS OF ANSYS, INC., ITS SUBSIDIARIES, OR LICENSORS.    *
 * The software products and documentation are furnished by    *
 * Ansys, Inc. or its subsidiaries under a software license    *
 * agreement that contains provisions concerning               *
 * non-disclosure, copying, length and nature of use,          *
 * compliance with exporting laws, warranties, disclaimers,    *
 * limitations of liability, and remedies, and other           *
 * provisions.  The software products and documentation may be *
 * used, disclosed, transferred, or copied only in accordance  *
 * with the terms and conditions of that software license      *
 * agreement.                                                  *
 *                                                             *
 * Ansys, Inc. is a UL registered                              *
 * ISO 9001:2015 company.                                      *
 *                                                             *
 ***************************************************************
 *                                                             *
 * This product is subject to U.S. laws governing export and   *
 * re-export.                                                  *
 *                                                             *
 * For U.S. Government users, except as specifically granted   *
 * by the Ansys, Inc. software license agreement, the use,     *
 * duplication, or disclosure by the United States Government  *
 * is subject to restrictions stated in the Ansys, Inc.        *
 * software license agreement and FAR 12.212 (for non-DOD      *
 * licenses).                                                  *
 *                                                             *
 ***************************************************************

 2023 R1 
     
 Point Releases and Patches installed:   
     
 ANSYS, Inc. License Manager 2023 R1 
 Discovery 2023 R1   
 SpaceClaim 2023 R1  
 Ansys Sherlock 2023 R1  
 Autodyn 2023 R1 
 LS-DYNA 2023 R1 
 CFD-Post only 2023 R1   
 CFX (includes CFD-Post) 2023 R1 
 Chemkin 2023 R1 
 EnSight 2023 R1 
 FENSAP-ICE 2023 R1  
 Fluent (includes CFD-Post) 2023 R1  
 Polyflow (includes CFD-Post) 2023 R1
 Forte (includes EnSight) 2023 R1
 TurboGrid 2023 R1   
 ICEM CFD 2023 R1
 Motion 2023 R1  
 Aqwa 2023 R1
 Speos 2023 R1   
 Speos HPC 2023 R1   
 optiSLang 2023 R1   
 Additive 2023 R1
 Customization Files for User Programmable Features 2023 R1  
 Mechanical Products 2023 R1 
 Icepak (includes CFD-Post) 2023 R1  
 Remote Solve Manager Standalone Services 2023 R1
 Ansys Sound - SAS 2023 R1   
 Viewer 2023 R1  
 ACIS Geometry Interface 2023 R1 
 AutoCAD Geometry Interface 2023 R1  
 Catia, Version 4 Geometry Interface 2023 R1 
 Catia, Version 5 Geometry Interface 2023 R1 
 Catia, Version 6 Geometry Interface 2023 R1 
 Creo Elements/Direct Modeling Geometry Interface 2023 R1
 Creo Parametric Geometry Interface 2023 R1  
 Inventor Geometry Interface 2023 R1 
 JTOpen Geometry Interface 2023 R1   
 NX Geometry Interface 2023 R1   
 Parasolid Geometry Interface  2023 R1   
 Solid Edge Geometry Interface 2023 R1   
 SOLIDWORKS Geometry Interface 2023 R1   


          *****  MAPDL COMMAND LINE ARGUMENTS  *****
  BATCH MODE REQUESTED (-b)    = NOLIST
  INPUT FILE COPY MODE (-c)    = COPY
  DISTRIBUTED MEMORY PARALLEL REQUESTED
       4 PARALLEL PROCESSES REQUESTED WITH SINGLE THREAD PER PROCESS
    TOTAL OF     4 CORES REQUESTED
  INPUT FILE NAME              = C:\Users\COMP\AppData\Local\Temp\WB_NIKITA_Zh_12952_2\_ProjectScratch\Scr4579\dummy.dat
  OUTPUT FILE NAME             = C:\Users\COMP\AppData\Local\Temp\WB_NIKITA_Zh_12952_2\_ProjectScratch\Scr4579\solve.out
  START-UP FILE MODE           = NOREAD
  STOP FILE MODE               = NOREAD

 RELEASE= 2023 R1              BUILD= 23.1      UP20221128   VERSION=WINDOWS x64 
 CURRENT JOBNAME=file0  11:35:17  MAY 21, 2026 CP=      0.047


 PARAMETER _DS_PROGRESS =     999.0000000    

 /INPUT FILE= ds.dat  LINE=       0



 *** NOTE ***                            CP =       0.109   TIME= 11:35:17
 The /CONFIG,NOELDB command is not valid in a distributed memory         
 parallel solution.  Command is ignored.                                 

 *GET  _WALLSTRT  FROM  ACTI  ITEM=TIME WALL  VALUE=  11.5880556    

 TITLE= 
 wbnew--Static Structural (A5)                                                 

  ACT Extensions:
      LSDYNA, 2023.1
      5f463412-bd3e-484b-87e7-cbc0a665e474, wbex
 /COM,     ANSYSMotion, 2023.1
      20180725-3f81-49eb-9f31-41364844c769, wbex
  

 SET PARAMETER DIMENSIONS ON  _WB_PROJECTSCRATCH_DIR
  TYPE=STRI  DIMENSIONS=      248        1        1

 PARAMETER _WB_PROJECTSCRATCH_DIR(1) = C:\Users\COMP\AppData\Local\Temp\WB_NIKITA_Zh_12952_2\_ProjectScratch\Scr4579\

 SET PARAMETER DIMENSIONS ON  _WB_SOLVERFILES_DIR
  TYPE=STRI  DIMENSIONS=      248        1        1

 PARAMETER _WB_SOLVERFILES_DIR(1) = C:\Users\COMP\AppData\Local\Temp\WB_NIKITA_Zh_12952_2\wbnew_files\dp0\SYS\MECH\

 SET PARAMETER DIMENSIONS ON  _WB_USERFILES_DIR
  TYPE=STRI  DIMENSIONS=      248        1        1

 PARAMETER _WB_USERFILES_DIR(1) = C:\Users\COMP\AppData\Local\Temp\WB_NIKITA_Zh_12952_2\wbnew_files\user_files\
 --- Data in consistent NMM units. See Solving Units in the help system for more

 MPA UNITS SPECIFIED FOR INTERNAL    
  LENGTH      = MILLIMETERS (mm)
  MASS        = TONNE (Mg)
  TIME        = SECONDS (sec)
  TEMPERATURE = CELSIUS (C)
  TOFFSET     = 273.0
  FORCE       = NEWTON (N)
  HEAT        = MILLIJOULES (mJ)

 INPUT  UNITS ARE ALSO SET TO MPA 

 *** MAPDL - ENGINEERING ANALYSIS SYSTEM  RELEASE 2023 R1          23.1     ***
 Ansys Mechanical Enterprise                       
 20120530  VERSION=WINDOWS x64   11:35:17  MAY 21, 2026 CP=      0.141

 wbnew--Static Structural (A5)                                                 



          ***** MAPDL ANALYSIS DEFINITION (PREP7) *****
 *********** Nodes for the whole assembly ***********
 *********** Elements for Body 1 "SYS\________1" ***********
 *********** Send User Defined Coordinate System(s) ***********
 *********** Set Reference Temperature ***********
 *********** Send Materials ***********
 *********** Fixed Supports ***********
 *********** Create Bearing Load ***********


 ***** ROUTINE COMPLETED *****  CP =         0.266


 --- Number of total nodes = 14176
 --- Number of contact elements = 1320
 --- Number of spring elements = 0
 --- Number of bearing elements = 0
 --- Number of solid elements = 7880
 --- Number of condensed parts = 0
 --- Number of total elements = 9200

 *GET  _WALLBSOL  FROM  ACTI  ITEM=TIME WALL  VALUE=  11.5880556    
 ****************************************************************************
 *************************    SOLUTION       ********************************
 ****************************************************************************

 *****  MAPDL SOLUTION ROUTINE  *****


 PERFORM A STATIC ANALYSIS
  THIS WILL BE A NEW ANALYSIS

 PARAMETER _THICKRATIO =     1.000000000    

 USE PRECONDITIONED CONJUGATE GRADIENT SOLVER
  CONVERGENCE TOLERANCE = 1.00000E-08
  MAXIMUM ITERATION     = NumNode*DofPerNode*  1.0000    

 CONTACT INFORMATION PRINTOUT LEVEL       1

 DO NOT COMBINE ELEMENT MATRIX FILES (.emat) AFTER DISTRIBUTED PARALLEL SOLUTION

 DO NOT COMBINE ELEMENT SAVE DATA FILES (.esav) AFTER DISTRIBUTED PARALLEL SOLUTION

 NLDIAG: Nonlinear diagnostics CONT option is set to ON. 
         Writing frequency : each ITERATION.

 DO NOT SAVE ANY RESTART FILES AT ALL
 ****************************************************
 ******************* SOLVE FOR LS 1 OF 1 ****************

 SELECT       FOR ITEM=TYPE COMPONENT=    
  IN RANGE         2 TO          2 STEP          1

       1320  ELEMENTS (OF       9200  DEFINED) SELECTED BY  ESEL  COMMAND.

 SPECIFIED SURFACE LOAD PRES FOR ALL SELECTED ELEMENTS  LKEY =  5   KVAL = 1
     VALUES =     0.0000         1.0000         0.0000         0.0000    

 COORDINATE SYSTEM         11 DEFINITION.  TYPE= 0  (CARTESIAN)  
   XC,YC,ZC=  0.0000      0.0000      0.0000    
   ANGLES=  -90.00    0.00    0.00   PARAMETERS=   1.000   1.000
   ORIENTATION=  0.00 -1.00  0.00   1.00  0.00  0.00   0.00  0.00  1.00

 ACTIVE COORDINATE SYSTEM SET TO        11  (CARTESIAN)  

 ACTIVE COORDINATE SYSTEM SET TO          0  (CARTESIAN)  

 PARAMETER _V1 =     0.000000000    

 PARAMETER _V2 =    -1.000000000    

 PARAMETER _V3 =     0.000000000    

 *GET  _NECURR   FROM  ELEM  ITEM=COUN           VALUE=  1320.00000    

 PARAMETER _ECURR =     0.000000000    

 PARAMETER _TOTAL =     0.000000000    

 *DO LOOP ON PARAMETER= _I FROM  1.0000     TO  1320.0     BY  1.0000    

 PARAMETER _ECURR =     11439.00000    

 PARAMETER _NORMX =    0.5132452670E-01

 PARAMETER _NORMY =   -0.8931998306    

 PARAMETER _NORMZ =    0.4467212281    

 PARAMETER _NORMMAG =     1.000000000    

 PARAMETER _NORMX =    0.5132452670E-01

 PARAMETER _NORMY =   -0.8931998306    

 PARAMETER _NORMZ =    0.4467212281    

 PARAMETER _DOT =    0.8931998306    

 *IF  _dot                              ( =  0.893200     )  GT  
      -.00001                           ( = -0.100000E-04 )  THEN    

 UNSELECT     FOR ITEM=ELEM COMPONENT=    
  IN RANGE     11439 TO      11439 STEP          1

       1319  ELEMENTS (OF       9200  DEFINED) SELECTED BY  ESEL  COMMAND.

 *ELSE

 *ENDIF

 *ENDDO  INDEX= _I                              

 *GET  _NECURR   FROM  ELEM  ITEM=COUN           VALUE=  646.000000    

 *IF  _necurr                           ( =   646.000     )  EQ  
      0                                 ( =   0.00000     )  THEN    

 *ENDIF

 PARAMETER _MAG =     4184.500000    

 PARAMETER _MAG =     16.47320826    

 SPECIFIED SURFACE LOAD PRES FOR ALL SELECTED ELEMENTS  LKEY =  5   KVAL = 1
     VALUES =     16.473         0.0000        -4184.5         0.0000    

 ALL SELECT   FOR ITEM=NODE COMPONENT=    
  IN RANGE         1 TO      14176 STEP          1

      14176  NODES (OF      14176  DEFINED) SELECTED BY NSEL  COMMAND.

 ALL SELECT   FOR ITEM=ELEM COMPONENT=    
  IN RANGE         1 TO      12758 STEP          1

       9200  ELEMENTS (OF       9200  DEFINED) SELECTED BY  ESEL  COMMAND.

 PRINTOUT RESUMED BY /GOP

 USE       1 SUBSTEPS INITIALLY THIS LOAD STEP FOR ALL  DEGREES OF FREEDOM
 FOR AUTOMATIC TIME STEPPING:
   USE      1 SUBSTEPS AS A MAXIMUM
   USE      1 SUBSTEPS AS A MINIMUM

 TIME=  1.0000    

 ERASE THE CURRENT DATABASE OUTPUT CONTROL TABLE.


 WRITE ALL  ITEMS TO THE DATABASE WITH A FREQUENCY OF NONE
   FOR ALL APPLICABLE ENTITIES

 WRITE NSOL ITEMS TO THE DATABASE WITH A FREQUENCY OF ALL 
   FOR ALL APPLICABLE ENTITIES

 WRITE RSOL ITEMS TO THE DATABASE WITH A FREQUENCY OF ALL 
   FOR ALL APPLICABLE ENTITIES

 WRITE EANG ITEMS TO THE DATABASE WITH A FREQUENCY OF ALL 
   FOR ALL APPLICABLE ENTITIES

 WRITE ETMP ITEMS TO THE DATABASE WITH A FREQUENCY OF ALL 
   FOR ALL APPLICABLE ENTITIES

 WRITE VENG ITEMS TO THE DATABASE WITH A FREQUENCY OF ALL 
   FOR ALL APPLICABLE ENTITIES

 WRITE STRS ITEMS TO THE DATABASE WITH A FREQUENCY OF ALL 
   FOR ALL APPLICABLE ENTITIES

 WRITE EPEL ITEMS TO THE DATABASE WITH A FREQUENCY OF ALL 
   FOR ALL APPLICABLE ENTITIES

 WRITE EPPL ITEMS TO THE DATABASE WITH A FREQUENCY OF ALL 
   FOR ALL APPLICABLE ENTITIES

 WRITE CONT ITEMS TO THE DATABASE WITH A FREQUENCY OF ALL 
   FOR ALL APPLICABLE ENTITIES

 *GET  ANSINTER_  FROM  ACTI  ITEM=INT        VALUE=  0.00000000    

 *IF  ANSINTER_                         ( =   0.00000     )  NE  
      0                                 ( =   0.00000     )  THEN    

 *ENDIF

 *** NOTE ***                            CP =       0.641   TIME= 11:35:17
 The automatic domain decomposition logic has selected the MESH domain   
 decomposition method with 4 processes per solution.                     

 *****  MAPDL SOLVE    COMMAND  *****

 *** WARNING ***                         CP =       0.641   TIME= 11:35:17
 Element shape checking is currently inactive.  Issue SHPP,ON or         
 SHPP,WARN to reactivate, if desired.                                    

 *** NOTE ***                            CP =       0.703   TIME= 11:35:17
 The model data was checked and warning messages were found.             
  Please review output or errors file (                                  
 C:\Users\COMP\AppData\Local\Temp\WB_NIKITA_Zh_12952_2\_ProjectScratch\S 
 Scr4579\file0.err ) for these warning messages.                         

 *** SELECTION OF ELEMENT TECHNOLOGIES FOR APPLICABLE ELEMENTS ***
      --- GIVE SUGGESTIONS AND RESET THE KEY OPTIONS ---

 ELEMENT TYPE         1 IS SOLID187. IT IS NOT ASSOCIATED WITH FULLY INCOMPRESSIBLE
 HYPERELASTIC MATERIALS. NO SUGGESTION IS AVAILABLE AND NO RESETTING IS NEEDED.



 *** MAPDL - ENGINEERING ANALYSIS SYSTEM  RELEASE 2023 R1          23.1     ***
 Ansys Mechanical Enterprise                       
 20120530  VERSION=WINDOWS x64   11:35:17  MAY 21, 2026 CP=      0.703

 wbnew--Static Structural (A5)                                                 



                       S O L U T I O N   O P T I O N S

   PROBLEM DIMENSIONALITY. . . . . . . . . . . . .3-D                  
   DEGREES OF FREEDOM. . . . . . UX   UY   UZ  
   ANALYSIS TYPE . . . . . . . . . . . . . . . . .STATIC (STEADY-STATE)
   OFFSET TEMPERATURE FROM ABSOLUTE ZERO . . . . .  273.15    
   EQUATION SOLVER OPTION. . . . . . . . . . . . .PCG                
      TOLERANCE. . . . . . . . . . . . . . . . . . 1.00000E-08
   GLOBALLY ASSEMBLED MATRIX . . . . . . . . . . .SYMMETRIC  

 *** WARNING ***                         CP =       0.703   TIME= 11:35:17
 Material number 2 (used by element 11439) should normally have at least 
 one MP or one TB type command associated with it.  Output of energy by  
 material may not be available.                                          

 *** NOTE ***                            CP =       0.766   TIME= 11:35:17
 The step data was checked and warning messages were found.              
  Please review output or errors file (                                  
 C:\Users\COMP\AppData\Local\Temp\WB_NIKITA_Zh_12952_2\_ProjectScratch\S 
 Scr4579\file0.err ) for these warning messages.                         

 *** NOTE ***                            CP =       0.766   TIME= 11:35:17
 The conditions for direct assembly have been met.  No .emat or .erot    
 files will be produced.                                                 

  
  
     D I S T R I B U T E D   D O M A I N   D E C O M P O S E R
  
  ...Number of elements: 9200
  ...Number of nodes:    14176
  ...Decompose to 4 CPU domains
  ...Element load balance ratio =     1.067


                      L O A D   S T E P   O P T I O N S

   LOAD STEP NUMBER. . . . . . . . . . . . . . . .     1
   TIME AT END OF THE LOAD STEP. . . . . . . . . .  1.0000    
   NUMBER OF SUBSTEPS. . . . . . . . . . . . . . .     1
   STEP CHANGE BOUNDARY CONDITIONS . . . . . . . .    NO
   PRINT OUTPUT CONTROLS . . . . . . . . . . . . .NO PRINTOUT
   DATABASE OUTPUT CONTROLS
      ITEM     FREQUENCY   COMPONENT
       ALL       NONE               
      NSOL        ALL               
      RSOL        ALL               
      EANG        ALL               
      ETMP        ALL               
      VENG        ALL               
      STRS        ALL               
      EPEL        ALL               
      EPPL        ALL               
      CONT        ALL               


 SOLUTION MONITORING INFO IS WRITTEN TO FILE= file.mntr                                                                                                                                                                                                                                                           


 *** NOTE ***                            CP =       1.016   TIME= 11:35:17
 The PCG solver has automatically set the level of difficulty for this   
 model to 1.                                                             


                         ***********  PRECISE MASS SUMMARY  ***********

   TOTAL RIGID BODY MASS MATRIX ABOUT ORIGIN
               Translational mass               |   Coupled translational/rotational mass
        0.21582E-04    0.0000        0.0000     |     0.0000      -0.19229E-09  -0.50226E-09
         0.0000       0.21582E-04    0.0000     |    0.19229E-09    0.0000      -0.29552E-03
         0.0000        0.0000       0.21582E-04 |    0.50226E-09   0.29552E-03    0.0000    
     ------------------------------------------ | ------------------------------------------
                                                |         Rotational mass (inertia)
                                                |    0.80935E-03   0.89276E-08  -0.18061E-08
                                                |    0.89276E-08   0.56827E-02  -0.76653E-09
                                                |   -0.18061E-08  -0.76653E-09   0.56827E-02

   TOTAL MASS = 0.21582E-04
     The mass principal axes coincide with the global Cartesian axes

   CENTER OF MASS (X,Y,Z)=   -13.693       0.23272E-04  -0.89097E-05

   TOTAL INERTIA ABOUT CENTER OF MASS
        0.80935E-03   0.20503E-08   0.82683E-09
        0.20503E-08   0.16362E-02  -0.76653E-09
        0.82683E-09  -0.76653E-09   0.16362E-02
     The inertia principal axes coincide with the global Cartesian axes


  *** MASS SUMMARY BY ELEMENT TYPE ***

  TYPE      MASS
     1  0.215820E-04

 Range of element maximum matrix coefficients in global coordinates
 Maximum = 1199989.61 at element 7812.                                   
 Minimum = 66571.1443 at element 5852.                                   

   *** ELEMENT MATRIX FORMULATION TIMES
     TYPE    NUMBER   ENAME      TOTAL CP  AVE CP

        1      7880  SOLID187      0.312   0.000040
        2      1320  SURF154       0.031   0.000024
 Time at end of element matrix formulation CP = 1.265625.                
 Iteration=    10 Ratio=  7.565642E-02 Limit=  1.000000E-08 Wall=     0.0
 Iteration=    35 Ratio=  5.121278E-04 Limit=  1.000000E-08 Wall=     0.0
 Iteration=    60 Ratio=  1.921592E-06 Limit=  1.000000E-08 Wall=     0.0

 DISTRIBUTED PCG SOLVER SOLUTION CONVERGED

 DISTRIBUTED PCG SOLVER SOLUTION STATISTICS

   NUMBER OF ITERATIONS=          87
   NUMBER OF EQUATIONS =       42528
   LEVEL OF CONVERGENCE=           1
   CALCULATED NORM     = 0.78251E-08
   SPECIFIED TOLERANCE = 0.10000E-07
   TOTAL CPU TIME (sec)=        0.23
   TOTAL WALL TIME(sec)=        0.12
   TOTAL MEMORY (GB)   =        0.02


   *** ELEMENT RESULT CALCULATION TIMES
     TYPE    NUMBER   ENAME      TOTAL CP  AVE CP

        1      7880  SOLID187      0.141   0.000018
        2      1320  SURF154       0.016   0.000012

   *** NODAL LOAD CALCULATION TIMES
     TYPE    NUMBER   ENAME      TOTAL CP  AVE CP

        1      7880  SOLID187      0.031   0.000004
        2      1320  SURF154       0.000   0.000000
 *** LOAD STEP     1   SUBSTEP     1  COMPLETED.    CUM ITER =      1
 *** TIME =   1.00000         TIME INC =   1.00000      NEW TRIANG MATRIX


 *** MAPDL BINARY FILE STATISTICS
  BUFFER SIZE USED= 16384
        1.688 MB WRITTEN ON RESULTS FILE: file0.rst
 *************** Write FE CONNECTORS *********

 WRITE OUT CONSTRAINT EQUATIONS TO FILE= file.ce                                                                                                                                                                                                                                                             
 ****************************************************
 *************** FINISHED SOLVE FOR LS 1 *************

 *GET  _WALLASOL  FROM  ACTI  ITEM=TIME WALL  VALUE=  11.5880556    

 PRINTOUT RESUMED BY /GOP

 *GET  _PCGITER  FROM  ACTI  ITEM=SOLU CGIT  VALUE=  87.0000000    

 FINISH SOLUTION PROCESSING


 ***** ROUTINE COMPLETED *****  CP =         1.672



 *** MAPDL - ENGINEERING ANALYSIS SYSTEM  RELEASE 2023 R1          23.1     ***
 Ansys Mechanical Enterprise                       
 20120530  VERSION=WINDOWS x64   11:35:17  MAY 21, 2026 CP=      1.672

 wbnew--Static Structural (A5)                                                 



          ***** MAPDL RESULTS INTERPRETATION (POST1) *****

 *** NOTE ***                            CP =       1.672   TIME= 11:35:17
 Reading results into the database (SET command) will update the current 
 displacement and force boundary conditions in the database with the     
 values from the results file for that load set.  Note that any          
 subsequent solutions will use these values unless action is taken to    
 either SAVE the current values or not overwrite them (/EXIT,NOSAVE).    

 Set Encoding of XML File to:ISO-8859-1

 Set Output of XML File to:
     PARM,     ,     ,     ,     ,     ,     ,     ,     ,     ,     ,     ,
         ,     ,     ,     ,     ,     ,     ,

 DATABASE WRITTEN ON FILE  parm.xml                                                                                                                                                                                                                                                            

 EXIT THE MAPDL POST1 DATABASE PROCESSOR


 ***** ROUTINE COMPLETED *****  CP =         1.672



 PRINTOUT RESUMED BY /GOP

 *GET  _WALLDONE  FROM  ACTI  ITEM=TIME WALL  VALUE=  11.5880556    

 PARAMETER _PREPTIME =     0.000000000    

 PARAMETER _SOLVTIME =     0.000000000    

 PARAMETER _POSTTIME =     0.000000000    

 PARAMETER _TOTALTIM =     0.000000000    

 *GET  _DLBRATIO  FROM  ACTI  ITEM=SOLU DLBR  VALUE=  1.06652174    

 *GET  _COMBTIME  FROM  ACTI  ITEM=SOLU COMB  VALUE= 0.169734000E-01

 *GET  _SSMODE   FROM  ACTI  ITEM=SOLU SSMM  VALUE=  0.00000000    

 *GET  _NDOFS    FROM  ACTI  ITEM=SOLU NDOF  VALUE=  39120.0000    

 *GET  _SOL_END_TIME  FROM  ACTI  ITEM=SET  TIME  VALUE=  1.00000000    

 *IF  _sol_end_time                     ( =   1.00000     )  EQ  
      1.000000                          ( =   1.00000     )  THEN    

 /FCLEAN COMMAND REMOVING ALL LOCAL FILES

 *ENDIF
 --- Total number of nodes = 14176
 --- Total number of elements = 9200
 --- Element load balance ratio = 1.06652174
 --- Time to combine distributed files = 1.69734E-02
 --- Sparse memory mode = 0
 --- Number of DOF = 39120

 EXIT MAPDL WITHOUT SAVING DATABASE


 NUMBER OF WARNING MESSAGES ENCOUNTERED=          2
 NUMBER OF ERROR   MESSAGES ENCOUNTERED=          0

+--------------------- M A P D L   S T A T I S T I C S ------------------------+

Release: 2023 R1            Build: 23.1       Update: UP20221128   Platform: WINDOWS x64 
Date Run: 05/21/2026   Time: 11:35     Process ID: 33828
Operating System: Windows 11  (Build: 26200)

Processor Model: AMD Ryzen 7 7800X3D 8-Core Processor

Compiler: Intel(R) Fortran Compiler Version 19.0.5  (Build: 20190815)
          Intel(R) C/C++ Compiler Version 19.0.5  (Build: 20190815)
          Intel(R) Math Kernel Library Version 2020.0.0 Product Build 20191125
          BLAS Library supplied by AMD BLIS

Number of machines requested            :    1
Total number of cores available         :   16
Number of physical cores available      :    8
Number of processes requested           :    4
Number of threads per process requested :    1
Total number of cores requested         :    4 (Distributed Memory Parallel)               
MPI Type: INTELMPI
MPI Version: Intel(R) MPI Library 2021.5 for Windows* OS


GPU Acceleration: Not Requested

Job Name: file0
Input File: dummy.dat

  Core                Machine Name   Working Directory
 -----------------------------------------------------
     0             DESKTOP-OTJKHDV   C:\Users\COMP\AppData\Local\Temp\WB_NIKITA_Zh_12952_2\_ProjectScratch\Scr4579
     1             DESKTOP-OTJKHDV   C:\Users\COMP\AppData\Local\Temp\WB_NIKITA_Zh_12952_2\_ProjectScratch\Scr4579
     2             DESKTOP-OTJKHDV   C:\Users\COMP\AppData\Local\Temp\WB_NIKITA_Zh_12952_2\_ProjectScratch\Scr4579
     3             DESKTOP-OTJKHDV   C:\Users\COMP\AppData\Local\Temp\WB_NIKITA_Zh_12952_2\_ProjectScratch\Scr4579
 
Latency time from master to core     1 =    2.518 microseconds
Latency time from master to core     2 =    2.325 microseconds
Latency time from master to core     3 =    2.354 microseconds
 
Communication speed from master to core     1 = 16769.03 MB/sec
Communication speed from master to core     2 = 19331.14 MB/sec
Communication speed from master to core     3 = 17847.98 MB/sec

Total CPU time for main thread                    :        0.8 seconds
Total CPU time summed for all threads             :        2.2 seconds

Elapsed time spent obtaining a license            :        0.3 seconds
Elapsed time spent pre-processing model (/PREP7)  :        0.0 seconds
Elapsed time spent solution - preprocessing       :        0.1 seconds
Elapsed time spent computing solution             :        0.3 seconds
Elapsed time spent solution - postprocessing      :        0.0 seconds
Elapsed time spent post-processing model (/POST1) :        0.0 seconds
 
Equation solver used                              :            PCG (symmetric)
Equation solver computational rate                :       28.4 Gflops

Sum of memory used on all processes               :      220.0 MB
Sum of memory allocated on all processes          :     5184.0 MB
Physical memory available                         :         31 GB

Total amount of I/O written to disk               :        0.0 GB
Total amount of I/O read from disk                :        0.0 GB

+------------------ E N D   M A P D L   S T A T I S T I C S -------------------+


 *-----------------------------------------------------------------------------*
 |                                                                             |
 |                               RUN COMPLETED                                 |
 |                                                                             |
 |-----------------------------------------------------------------------------|
 |                                                                             |
 |  Ansys MAPDL 2023 R1         Build 23.1         UP20221128    WINDOWS x64   |
 |                                                                             |
 |-----------------------------------------------------------------------------|
 |                                                                             |
 |  Database Requested(-db)     1024 MB     Scratch Memory Requested   1024 MB |
 |  Max Database Used(Master)     12 MB     Max Scratch Used(Master)     60 MB |
 |  Max Database Used(Workers)     1 MB     Max Scratch Used(Workers)    49 MB |
 |  Sum Database Used(All)        15 MB     Sum Scratch Used(All)       205 MB |
 |                                                                             |
 |-----------------------------------------------------------------------------|
 |                                                                             |
 |        CP Time      (sec) =          2.250       Time  =  11:35:17          |
 |        Elapsed Time (sec) =          2.000       Date  =  05/21/2026        |
 |                                                                             |
 *-----------------------------------------------------------------------------*
